▲ Next.js 16.2.6 (Turbopack)

  Creating an optimized production build ...
Turbopack build encountered 1 warnings:
[next]/internal/font/google/plus_jakarta_sans_6ae0703a.module.css
Error while requesting resource
There was an issue establishing a connection while requesting https://fonts.googleapis.com/css2?family=Plus+Jakarta+Sans:wght@400;500;600;700;800&display=swap

Import trace:
  Server Component:
    [next]/internal/font/google/plus_jakarta_sans_6ae0703a.module.css
    [next]/internal/font/google/plus_jakarta_sans_6ae0703a.js
    ./app/layout.tsx



> Build error occurred
Error: Turbopack build failed with 1 errors:
[next]/internal/font/google/plus_jakarta_sans_6ae0703a.module.css
next/font: error:
Failed to fetch `Plus Jakarta Sans` from Google Fonts.

Import trace:
  Server Component:
    [next]/internal/font/google/plus_jakarta_sans_6ae0703a.module.css
    [next]/internal/font/google/plus_jakarta_sans_6ae0703a.js
    ./app/layout.tsx


    at ignore-listed frames
